INVALID TARGET
